2026-04-20 12:52:55,071 - INFO - [LiveCC] 初始化佔用淨 VRAM: 15.44 GB (載入前 0.00GB -> 載入後 15.44GB)
2026-04-20 12:52:55,071 - WARNING - ⚠️ [評估] LiveCC 模組初始化耗用極大 VRAM (15.44 GB)，請檢查模型大小或量化狀態！
2026-04-20 12:53:16,420 - INFO - [LiveCC] 運行中佔用 VRAM: 15.64 GB | 保留(Reserved): 17.12 GB
2026-04-20 12:53:16,420 - WARNING - 🚨 [警告] LiveCC 佔用過多 VRAM (15.64 GB 超過 15.0 GB)！
2026-04-20 12:53:16,420 - INFO - 🔄 正在為 LiveCC 進行 VRAM 回收與清理 (empty_cache)...
2026-04-20 12:53:16,436 - INFO - ✅ 清理完成，LiveCC 目前佔用 VRAM: 15.64 GB | 保留: 15.67 GB
2026-04-20 12:53:20,184 - INFO - [LiveCC] 運行中佔用 VRAM: 15.71 GB | 保留(Reserved): 16.63 GB
2026-04-20 12:53:20,184 - WARNING - 🚨 [警告] LiveCC 佔用過多 VRAM (15.71 GB 超過 15.0 GB)！
2026-04-20 12:53:20,184 - INFO - 🔄 正在為 LiveCC 進行 VRAM 回收與清理 (empty_cache)...
2026-04-20 12:53:20,197 - INFO - ✅ 清理完成，LiveCC 目前佔用 VRAM: 15.71 GB | 保留: 15.75 GB
2026-04-20 12:53:22,044 - INFO - [LiveCC] 運行中佔用 VRAM: 15.78 GB | 保留(Reserved): 16.73 GB
2026-04-20 12:53:22,045 - WARNING - 🚨 [警告] LiveCC 佔用過多 VRAM (15.78 GB 超過 15.0 GB)！
2026-04-20 12:53:22,045 - INFO - 🔄 正在為 LiveCC 進行 VRAM 回收與清理 (empty_cache)...
2026-04-20 12:53:22,057 - INFO - ✅ 清理完成，LiveCC 目前佔用 VRAM: 15.78 GB | 保留: 15.86 GB
2026-04-20 12:53:24,137 - INFO - [LiveCC] 運行中佔用 VRAM: 15.86 GB | 保留(Reserved): 16.82 GB
2026-04-20 12:53:24,137 - WARNING - 🚨 [警告] LiveCC 佔用過多 VRAM (15.86 GB 超過 15.0 GB)！
2026-04-20 12:53:24,137 - INFO - 🔄 正在為 LiveCC 進行 VRAM 回收與清理 (empty_cache)...
2026-04-20 12:53:24,150 - INFO - ✅ 清理完成，LiveCC 目前佔用 VRAM: 15.86 GB | 保留: 15.95 GB
2026-04-20 12:53:26,085 - INFO - [LiveCC] 運行中佔用 VRAM: 15.94 GB | 保留(Reserved): 16.91 GB
2026-04-20 12:53:26,085 - WARNING - 🚨 [警告] LiveCC 佔用過多 VRAM (15.94 GB 超過 15.0 GB)！
2026-04-20 12:53:26,085 - INFO - 🔄 正在為 LiveCC 進行 VRAM 回收與清理 (empty_cache)...
2026-04-20 12:53:26,096 - INFO - ✅ 清理完成，LiveCC 目前佔用 VRAM: 15.94 GB | 保留: 16.11 GB
2026-04-20 12:53:28,203 - INFO - [LiveCC] 運行中佔用 VRAM: 15.57 GB | 保留(Reserved): 16.83 GB
2026-04-20 12:53:28,203 - WARNING - 🚨 [警告] LiveCC 佔用過多 VRAM (15.57 GB 超過 15.0 GB)！
2026-04-20 12:53:28,203 - INFO - 🔄 正在為 LiveCC 進行 VRAM 回收與清理 (empty_cache)...
2026-04-20 12:53:28,222 - INFO - ✅ 清理完成，LiveCC 目前佔用 VRAM: 15.57 GB | 保留: 15.60 GB
2026-04-20 12:53:30,105 - INFO - [LiveCC] 運行中佔用 VRAM: 15.65 GB | 保留(Reserved): 16.59 GB
2026-04-20 12:53:30,105 - WARNING - 🚨 [警告] LiveCC 佔用過多 VRAM (15.65 GB 超過 15.0 GB)！
2026-04-20 12:53:30,105 - INFO - 🔄 正在為 LiveCC 進行 VRAM 回收與清理 (empty_cache)...
2026-04-20 12:53:30,117 - INFO - ✅ 清理完成，LiveCC 目前佔用 VRAM: 15.65 GB | 保留: 15.70 GB
2026-04-20 12:53:32,412 - INFO - [LiveCC] 運行中佔用 VRAM: 15.73 GB | 保留(Reserved): 16.68 GB
2026-04-20 12:53:32,412 - WARNING - 🚨 [警告] LiveCC 佔用過多 VRAM (15.73 GB 超過 15.0 GB)！
2026-04-20 12:53:32,412 - INFO - 🔄 正在為 LiveCC 進行 VRAM 回收與清理 (empty_cache)...
2026-04-20 12:53:32,425 - INFO - ✅ 清理完成，LiveCC 目前佔用 VRAM: 15.73 GB | 保留: 15.82 GB
2026-04-20 12:53:34,182 - INFO - [LiveCC] 運行中佔用 VRAM: 15.82 GB | 保留(Reserved): 16.79 GB
2026-04-20 12:53:34,182 - WARNING - 🚨 [警告] LiveCC 佔用過多 VRAM (15.82 GB 超過 15.0 GB)！
2026-04-20 12:53:34,182 - INFO - 🔄 正在為 LiveCC 進行 VRAM 回收與清理 (empty_cache)...
2026-04-20 12:53:34,195 - INFO - ✅ 清理完成，LiveCC 目前佔用 VRAM: 15.82 GB | 保留: 15.89 GB
2026-04-20 12:53:36,221 - INFO - [LiveCC] 運行中佔用 VRAM: 15.90 GB | 保留(Reserved): 16.86 GB
2026-04-20 12:53:36,221 - WARNING - 🚨 [警告] LiveCC 佔用過多 VRAM (15.90 GB 超過 15.0 GB)！
2026-04-20 12:53:36,222 - INFO - 🔄 正在為 LiveCC 進行 VRAM 回收與清理 (empty_cache)...
2026-04-20 12:53:36,235 - INFO - ✅ 清理完成，LiveCC 目前佔用 VRAM: 15.90 GB | 保留: 15.95 GB
2026-04-20 12:53:38,213 - INFO - [LiveCC] 運行中佔用 VRAM: 15.97 GB | 保留(Reserved): 16.93 GB
2026-04-20 12:53:38,213 - WARNING - 🚨 [警告] LiveCC 佔用過多 VRAM (15.97 GB 超過 15.0 GB)！
2026-04-20 12:53:38,213 - INFO - 🔄 正在為 LiveCC 進行 VRAM 回收與清理 (empty_cache)...
2026-04-20 12:53:38,222 - INFO - ✅ 清理完成，LiveCC 目前佔用 VRAM: 15.97 GB | 保留: 16.14 GB
2026-04-20 12:53:40,407 - INFO - [LiveCC] 運行中佔用 VRAM: 15.58 GB | 保留(Reserved): 16.81 GB
2026-04-20 12:53:40,408 - WARNING - 🚨 [警告] LiveCC 佔用過多 VRAM (15.58 GB 超過 15.0 GB)！
2026-04-20 12:53:40,408 - INFO - 🔄 正在為 LiveCC 進行 VRAM 回收與清理 (empty_cache)...
2026-04-20 12:53:40,426 - INFO - ✅ 清理完成，LiveCC 目前佔用 VRAM: 15.58 GB | 保留: 15.62 GB
2026-04-20 12:53:42,423 - INFO - [LiveCC] 運行中佔用 VRAM: 15.66 GB | 保留(Reserved): 16.60 GB
2026-04-20 12:53:42,423 - WARNING - 🚨 [警告] LiveCC 佔用過多 VRAM (15.66 GB 超過 15.0 GB)！
2026-04-20 12:53:42,423 - INFO - 🔄 正在為 LiveCC 進行 VRAM 回收與清理 (empty_cache)...
2026-04-20 12:53:42,437 - INFO - ✅ 清理完成，LiveCC 目前佔用 VRAM: 15.66 GB | 保留: 15.71 GB
2026-04-20 12:53:44,221 - INFO - [LiveCC] 運行中佔用 VRAM: 15.74 GB | 保留(Reserved): 16.69 GB
2026-04-20 12:53:44,221 - WARNING - 🚨 [警告] LiveCC 佔用過多 VRAM (15.74 GB 超過 15.0 GB)！
2026-04-20 12:53:44,222 - INFO - 🔄 正在為 LiveCC 進行 VRAM 回收與清理 (empty_cache)...
2026-04-20 12:53:44,234 - INFO - ✅ 清理完成，LiveCC 目前佔用 VRAM: 15.74 GB | 保留: 15.79 GB
2026-04-20 12:53:46,187 - INFO - [LiveCC] 運行中佔用 VRAM: 15.82 GB | 保留(Reserved): 16.79 GB
2026-04-20 12:53:46,187 - WARNING - 🚨 [警告] LiveCC 佔用過多 VRAM (15.82 GB 超過 15.0 GB)！
2026-04-20 12:53:46,187 - INFO - 🔄 正在為 LiveCC 進行 VRAM 回收與清理 (empty_cache)...
2026-04-20 12:53:46,199 - INFO - ✅ 清理完成，LiveCC 目前佔用 VRAM: 15.82 GB | 保留: 15.90 GB
2026-04-20 12:53:48,221 - INFO - [LiveCC] 運行中佔用 VRAM: 15.90 GB | 保留(Reserved): 16.88 GB
2026-04-20 12:53:48,221 - WARNING - 🚨 [警告] LiveCC 佔用過多 VRAM (15.90 GB 超過 15.0 GB)！
2026-04-20 12:53:48,221 - INFO - 🔄 正在為 LiveCC 進行 VRAM 回收與清理 (empty_cache)...
2026-04-20 12:53:48,234 - INFO - ✅ 清理完成，LiveCC 目前佔用 VRAM: 15.90 GB | 保留: 15.94 GB
2026-04-20 12:53:50,171 - INFO - [LiveCC] 運行中佔用 VRAM: 15.98 GB | 保留(Reserved): 16.94 GB
2026-04-20 12:53:50,172 - WARNING - 🚨 [警告] LiveCC 佔用過多 VRAM (15.98 GB 超過 15.0 GB)！
2026-04-20 12:53:50,172 - INFO - 🔄 正在為 LiveCC 進行 VRAM 回收與清理 (empty_cache)...
2026-04-20 12:53:50,182 - INFO - ✅ 清理完成，LiveCC 目前佔用 VRAM: 15.98 GB | 保留: 16.16 GB
2026-04-20 12:53:52,117 - INFO - [LiveCC] 運行中佔用 VRAM: 15.57 GB | 保留(Reserved): 16.88 GB
2026-04-20 12:53:52,117 - WARNING - 🚨 [警告] LiveCC 佔用過多 VRAM (15.57 GB 超過 15.0 GB)！
2026-04-20 12:53:52,117 - INFO - 🔄 正在為 LiveCC 進行 VRAM 回收與清理 (empty_cache)...
2026-04-20 12:53:52,137 - INFO - ✅ 清理完成，LiveCC 目前佔用 VRAM: 15.57 GB | 保留: 15.62 GB
2026-04-20 12:53:54,007 - INFO - [LiveCC] 運行中佔用 VRAM: 15.65 GB | 保留(Reserved): 16.60 GB
2026-04-20 12:53:54,007 - WARNING - 🚨 [警告] LiveCC 佔用過多 VRAM (15.65 GB 超過 15.0 GB)！
2026-04-20 12:53:54,007 - INFO - 🔄 正在為 LiveCC 進行 VRAM 回收與清理 (empty_cache)...
2026-04-20 12:53:54,020 - INFO - ✅ 清理完成，LiveCC 目前佔用 VRAM: 15.65 GB | 保留: 15.71 GB
2026-04-20 12:53:56,096 - INFO - [LiveCC] 運行中佔用 VRAM: 15.73 GB | 保留(Reserved): 16.69 GB
2026-04-20 12:53:56,096 - WARNING - 🚨 [警告] LiveCC 佔用過多 VRAM (15.73 GB 超過 15.0 GB)！
2026-04-20 12:53:56,096 - INFO - 🔄 正在為 LiveCC 進行 VRAM 回收與清理 (empty_cache)...
2026-04-20 12:53:56,109 - INFO - ✅ 清理完成，LiveCC 目前佔用 VRAM: 15.73 GB | 保留: 15.81 GB
2026-04-20 12:53:58,150 - INFO - [LiveCC] 運行中佔用 VRAM: 15.82 GB | 保留(Reserved): 16.79 GB
2026-04-20 12:53:58,150 - WARNING - 🚨 [警告] LiveCC 佔用過多 VRAM (15.82 GB 超過 15.0 GB)！
2026-04-20 12:53:58,150 - INFO - 🔄 正在為 LiveCC 進行 VRAM 回收與清理 (empty_cache)...
2026-04-20 12:53:58,163 - INFO - ✅ 清理完成，LiveCC 目前佔用 VRAM: 15.82 GB | 保留: 15.91 GB
2026-04-20 12:53:59,960 - INFO - [LiveCC] 運行中佔用 VRAM: 15.90 GB | 保留(Reserved): 16.90 GB
2026-04-20 12:53:59,960 - WARNING - 🚨 [警告] LiveCC 佔用過多 VRAM (15.90 GB 超過 15.0 GB)！
2026-04-20 12:53:59,960 - INFO - 🔄 正在為 LiveCC 進行 VRAM 回收與清理 (empty_cache)...
2026-04-20 12:53:59,973 - INFO - ✅ 清理完成，LiveCC 目前佔用 VRAM: 15.90 GB | 保留: 16.02 GB
2026-04-20 12:54:02,145 - INFO - [LiveCC] 運行中佔用 VRAM: 15.98 GB | 保留(Reserved): 17.01 GB
2026-04-20 12:54:02,145 - WARNING - 🚨 [警告] LiveCC 佔用過多 VRAM (15.98 GB 超過 15.0 GB)！
2026-04-20 12:54:02,145 - INFO - 🔄 正在為 LiveCC 進行 VRAM 回收與清理 (empty_cache)...
2026-04-20 12:54:02,157 - INFO - ✅ 清理完成，LiveCC 目前佔用 VRAM: 15.98 GB | 保留: 16.16 GB
2026-04-20 12:54:04,087 - INFO - [LiveCC] 運行中佔用 VRAM: 15.57 GB | 保留(Reserved): 16.88 GB
2026-04-20 12:54:04,087 - WARNING - 🚨 [警告] LiveCC 佔用過多 VRAM (15.57 GB 超過 15.0 GB)！
2026-04-20 12:54:04,087 - INFO - 🔄 正在為 LiveCC 進行 VRAM 回收與清理 (empty_cache)...
2026-04-20 12:54:04,107 - INFO - ✅ 清理完成，LiveCC 目前佔用 VRAM: 15.57 GB | 保留: 15.62 GB
2026-04-20 12:54:06,129 - INFO - [LiveCC] 運行中佔用 VRAM: 15.65 GB | 保留(Reserved): 16.60 GB
2026-04-20 12:54:06,129 - WARNING - 🚨 [警告] LiveCC 佔用過多 VRAM (15.65 GB 超過 15.0 GB)！
2026-04-20 12:54:06,129 - INFO - 🔄 正在為 LiveCC 進行 VRAM 回收與清理 (empty_cache)...
2026-04-20 12:54:06,142 - INFO - ✅ 清理完成，LiveCC 目前佔用 VRAM: 15.65 GB | 保留: 15.71 GB
2026-04-20 12:54:08,266 - INFO - [LiveCC] 運行中佔用 VRAM: 15.73 GB | 保留(Reserved): 16.69 GB
2026-04-20 12:54:08,266 - WARNING - 🚨 [警告] LiveCC 佔用過多 VRAM (15.73 GB 超過 15.0 GB)！
2026-04-20 12:54:08,266 - INFO - 🔄 正在為 LiveCC 進行 VRAM 回收與清理 (empty_cache)...
2026-04-20 12:54:08,278 - INFO - ✅ 清理完成，LiveCC 目前佔用 VRAM: 15.73 GB | 保留: 15.82 GB
2026-04-20 12:54:10,145 - INFO - [LiveCC] 運行中佔用 VRAM: 15.82 GB | 保留(Reserved): 16.79 GB
2026-04-20 12:54:10,145 - WARNING - 🚨 [警告] LiveCC 佔用過多 VRAM (15.82 GB 超過 15.0 GB)！
2026-04-20 12:54:10,145 - INFO - 🔄 正在為 LiveCC 進行 VRAM 回收與清理 (empty_cache)...
2026-04-20 12:54:10,159 - INFO - ✅ 清理完成，LiveCC 目前佔用 VRAM: 15.82 GB | 保留: 15.88 GB
2026-04-20 12:54:12,176 - INFO - [LiveCC] 運行中佔用 VRAM: 15.90 GB | 保留(Reserved): 16.88 GB
2026-04-20 12:54:12,176 - WARNING - 🚨 [警告] LiveCC 佔用過多 VRAM (15.90 GB 超過 15.0 GB)！
2026-04-20 12:54:12,176 - INFO - 🔄 正在為 LiveCC 進行 VRAM 回收與清理 (empty_cache)...
2026-04-20 12:54:12,198 - INFO - ✅ 清理完成，LiveCC 目前佔用 VRAM: 15.90 GB | 保留: 15.96 GB
2026-04-20 12:54:14,106 - INFO - [LiveCC] 運行中佔用 VRAM: 15.97 GB | 保留(Reserved): 16.94 GB
2026-04-20 12:54:14,106 - WARNING - 🚨 [警告] LiveCC 佔用過多 VRAM (15.97 GB 超過 15.0 GB)！
2026-04-20 12:54:14,106 - INFO - 🔄 正在為 LiveCC 進行 VRAM 回收與清理 (empty_cache)...
2026-04-20 12:54:14,115 - INFO - ✅ 清理完成，LiveCC 目前佔用 VRAM: 15.97 GB | 保留: 16.18 GB
2026-04-20 12:54:16,274 - INFO - [LiveCC] 運行中佔用 VRAM: 15.57 GB | 保留(Reserved): 16.90 GB
2026-04-20 12:54:16,274 - WARNING - 🚨 [警告] LiveCC 佔用過多 VRAM (15.57 GB 超過 15.0 GB)！
2026-04-20 12:54:16,274 - INFO - 🔄 正在為 LiveCC 進行 VRAM 回收與清理 (empty_cache)...
2026-04-20 12:54:16,294 - INFO - ✅ 清理完成，LiveCC 目前佔用 VRAM: 15.57 GB | 保留: 15.61 GB
2026-04-20 12:54:18,152 - INFO - [LiveCC] 運行中佔用 VRAM: 15.65 GB | 保留(Reserved): 16.59 GB
2026-04-20 12:54:18,152 - WARNING - 🚨 [警告] LiveCC 佔用過多 VRAM (15.65 GB 超過 15.0 GB)！
2026-04-20 12:54:18,152 - INFO - 🔄 正在為 LiveCC 進行 VRAM 回收與清理 (empty_cache)...
2026-04-20 12:54:18,165 - INFO - ✅ 清理完成，LiveCC 目前佔用 VRAM: 15.65 GB | 保留: 15.70 GB
2026-04-20 12:54:20,036 - INFO - [LiveCC] 運行中佔用 VRAM: 15.73 GB | 保留(Reserved): 16.67 GB
2026-04-20 12:54:20,036 - WARNING - 🚨 [警告] LiveCC 佔用過多 VRAM (15.73 GB 超過 15.0 GB)！
2026-04-20 12:54:20,036 - INFO - 🔄 正在為 LiveCC 進行 VRAM 回收與清理 (empty_cache)...
2026-04-20 12:54:20,048 - INFO - ✅ 清理完成，LiveCC 目前佔用 VRAM: 15.73 GB | 保留: 15.82 GB
2026-04-20 12:54:22,192 - INFO - [LiveCC] 運行中佔用 VRAM: 15.82 GB | 保留(Reserved): 16.79 GB
2026-04-20 12:54:22,192 - WARNING - 🚨 [警告] LiveCC 佔用過多 VRAM (15.82 GB 超過 15.0 GB)！
2026-04-20 12:54:22,192 - INFO - 🔄 正在為 LiveCC 進行 VRAM 回收與清理 (empty_cache)...
2026-04-20 12:54:22,205 - INFO - ✅ 清理完成，LiveCC 目前佔用 VRAM: 15.82 GB | 保留: 15.88 GB
2026-04-20 12:54:24,096 - INFO - [LiveCC] 運行中佔用 VRAM: 15.90 GB | 保留(Reserved): 16.88 GB
2026-04-20 12:54:24,096 - WARNING - 🚨 [警告] LiveCC 佔用過多 VRAM (15.90 GB 超過 15.0 GB)！
2026-04-20 12:54:24,096 - INFO - 🔄 正在為 LiveCC 進行 VRAM 回收與清理 (empty_cache)...
2026-04-20 12:54:24,109 - INFO - ✅ 清理完成，LiveCC 目前佔用 VRAM: 15.90 GB | 保留: 15.97 GB
2026-04-20 12:54:26,205 - INFO - [LiveCC] 運行中佔用 VRAM: 15.97 GB | 保留(Reserved): 16.95 GB
2026-04-20 12:54:26,205 - WARNING - 🚨 [警告] LiveCC 佔用過多 VRAM (15.97 GB 超過 15.0 GB)！
2026-04-20 12:54:26,205 - INFO - 🔄 正在為 LiveCC 進行 VRAM 回收與清理 (empty_cache)...
2026-04-20 12:54:26,216 - INFO - ✅ 清理完成，LiveCC 目前佔用 VRAM: 15.97 GB | 保留: 16.16 GB
2026-04-20 12:54:28,592 - INFO - [LiveCC] 運行中佔用 VRAM: 15.57 GB | 保留(Reserved): 16.88 GB
2026-04-20 12:54:28,592 - WARNING - 🚨 [警告] LiveCC 佔用過多 VRAM (15.57 GB 超過 15.0 GB)！
2026-04-20 12:54:28,592 - INFO - 🔄 正在為 LiveCC 進行 VRAM 回收與清理 (empty_cache)...
2026-04-20 12:54:28,612 - INFO - ✅ 清理完成，LiveCC 目前佔用 VRAM: 15.57 GB | 保留: 15.62 GB
2026-04-20 12:54:30,170 - INFO - [LiveCC] 運行中佔用 VRAM: 15.65 GB | 保留(Reserved): 16.60 GB
2026-04-20 12:54:30,170 - WARNING - 🚨 [警告] LiveCC 佔用過多 VRAM (15.65 GB 超過 15.0 GB)！
2026-04-20 12:54:30,170 - INFO - 🔄 正在為 LiveCC 進行 VRAM 回收與清理 (empty_cache)...
2026-04-20 12:54:30,184 - INFO - ✅ 清理完成，LiveCC 目前佔用 VRAM: 15.65 GB | 保留: 15.71 GB
2026-04-20 12:54:32,147 - INFO - [LiveCC] 運行中佔用 VRAM: 15.73 GB | 保留(Reserved): 16.69 GB
2026-04-20 12:54:32,147 - WARNING - 🚨 [警告] LiveCC 佔用過多 VRAM (15.73 GB 超過 15.0 GB)！
2026-04-20 12:54:32,147 - INFO - 🔄 正在為 LiveCC 進行 VRAM 回收與清理 (empty_cache)...
2026-04-20 12:54:32,161 - INFO - ✅ 清理完成，LiveCC 目前佔用 VRAM: 15.73 GB | 保留: 15.79 GB
2026-04-20 12:54:34,109 - INFO - [LiveCC] 運行中佔用 VRAM: 15.82 GB | 保留(Reserved): 16.79 GB
2026-04-20 12:54:34,109 - WARNING - 🚨 [警告] LiveCC 佔用過多 VRAM (15.82 GB 超過 15.0 GB)！
2026-04-20 12:54:34,109 - INFO - 🔄 正在為 LiveCC 進行 VRAM 回收與清理 (empty_cache)...
2026-04-20 12:54:34,122 - INFO - ✅ 清理完成，LiveCC 目前佔用 VRAM: 15.82 GB | 保留: 15.90 GB
2026-04-20 12:54:36,283 - INFO - [LiveCC] 運行中佔用 VRAM: 15.90 GB | 保留(Reserved): 16.88 GB
2026-04-20 12:54:36,284 - WARNING - 🚨 [警告] LiveCC 佔用過多 VRAM (15.90 GB 超過 15.0 GB)！
2026-04-20 12:54:36,284 - INFO - 🔄 正在為 LiveCC 進行 VRAM 回收與清理 (empty_cache)...
2026-04-20 12:54:36,296 - INFO - ✅ 清理完成，LiveCC 目前佔用 VRAM: 15.90 GB | 保留: 15.93 GB
2026-04-20 12:54:38,405 - INFO - [LiveCC] 運行中佔用 VRAM: 15.97 GB | 保留(Reserved): 16.92 GB
2026-04-20 12:54:38,405 - WARNING - 🚨 [警告] LiveCC 佔用過多 VRAM (15.97 GB 超過 15.0 GB)！
2026-04-20 12:54:38,405 - INFO - 🔄 正在為 LiveCC 進行 VRAM 回收與清理 (empty_cache)...
2026-04-20 12:54:38,413 - INFO - ✅ 清理完成，LiveCC 目前佔用 VRAM: 15.97 GB | 保留: 16.16 GB
2026-04-20 12:54:40,078 - INFO - [LiveCC] 運行中佔用 VRAM: 15.57 GB | 保留(Reserved): 16.88 GB
2026-04-20 12:54:40,078 - WARNING - 🚨 [警告] LiveCC 佔用過多 VRAM (15.57 GB 超過 15.0 GB)！
2026-04-20 12:54:40,078 - INFO - 🔄 正在為 LiveCC 進行 VRAM 回收與清理 (empty_cache)...
2026-04-20 12:54:40,098 - INFO - ✅ 清理完成，LiveCC 目前佔用 VRAM: 15.57 GB | 保留: 15.62 GB
2026-04-20 12:54:42,245 - INFO - [LiveCC] 運行中佔用 VRAM: 15.65 GB | 保留(Reserved): 16.60 GB
2026-04-20 12:54:42,245 - WARNING - 🚨 [警告] LiveCC 佔用過多 VRAM (15.65 GB 超過 15.0 GB)！
2026-04-20 12:54:42,245 - INFO - 🔄 正在為 LiveCC 進行 VRAM 回收與清理 (empty_cache)...
2026-04-20 12:54:42,256 - INFO - ✅ 清理完成，LiveCC 目前佔用 VRAM: 15.65 GB | 保留: 15.71 GB
2026-04-20 12:54:44,228 - INFO - [LiveCC] 運行中佔用 VRAM: 15.73 GB | 保留(Reserved): 16.69 GB
2026-04-20 12:54:44,228 - WARNING - 🚨 [警告] LiveCC 佔用過多 VRAM (15.73 GB 超過 15.0 GB)！
2026-04-20 12:54:44,228 - INFO - 🔄 正在為 LiveCC 進行 VRAM 回收與清理 (empty_cache)...
2026-04-20 12:54:44,240 - INFO - ✅ 清理完成，LiveCC 目前佔用 VRAM: 15.73 GB | 保留: 15.82 GB
2026-04-20 12:54:46,143 - INFO - [LiveCC] 運行中佔用 VRAM: 15.82 GB | 保留(Reserved): 16.81 GB
2026-04-20 12:54:46,143 - WARNING - 🚨 [警告] LiveCC 佔用過多 VRAM (15.82 GB 超過 15.0 GB)！
2026-04-20 12:54:46,143 - INFO - 🔄 正在為 LiveCC 進行 VRAM 回收與清理 (empty_cache)...
2026-04-20 12:54:46,155 - INFO - ✅ 清理完成，LiveCC 目前佔用 VRAM: 15.82 GB | 保留: 15.91 GB
2026-04-20 12:54:48,167 - INFO - [LiveCC] 運行中佔用 VRAM: 15.90 GB | 保留(Reserved): 16.88 GB
2026-04-20 12:54:48,168 - WARNING - 🚨 [警告] LiveCC 佔用過多 VRAM (15.90 GB 超過 15.0 GB)！
2026-04-20 12:54:48,168 - INFO - 🔄 正在為 LiveCC 進行 VRAM 回收與清理 (empty_cache)...
2026-04-20 12:54:48,180 - INFO - ✅ 清理完成，LiveCC 目前佔用 VRAM: 15.90 GB | 保留: 15.94 GB
2026-04-20 12:54:50,141 - INFO - [LiveCC] 運行中佔用 VRAM: 15.98 GB | 保留(Reserved): 16.93 GB
2026-04-20 12:54:50,141 - WARNING - 🚨 [警告] LiveCC 佔用過多 VRAM (15.98 GB 超過 15.0 GB)！
2026-04-20 12:54:50,141 - INFO - 🔄 正在為 LiveCC 進行 VRAM 回收與清理 (empty_cache)...
2026-04-20 12:54:50,152 - INFO - ✅ 清理完成，LiveCC 目前佔用 VRAM: 15.98 GB | 保留: 16.16 GB
2026-04-20 12:54:52,129 - INFO - [LiveCC] 運行中佔用 VRAM: 15.57 GB | 保留(Reserved): 16.83 GB
2026-04-20 12:54:52,129 - WARNING - 🚨 [警告] LiveCC 佔用過多 VRAM (15.57 GB 超過 15.0 GB)！
2026-04-20 12:54:52,129 - INFO - 🔄 正在為 LiveCC 進行 VRAM 回收與清理 (empty_cache)...
2026-04-20 12:54:52,148 - INFO - ✅ 清理完成，LiveCC 目前佔用 VRAM: 15.57 GB | 保留: 15.62 GB
2026-04-20 12:54:54,035 - INFO - [LiveCC] 運行中佔用 VRAM: 15.65 GB | 保留(Reserved): 16.60 GB
2026-04-20 12:54:54,035 - WARNING - 🚨 [警告] LiveCC 佔用過多 VRAM (15.65 GB 超過 15.0 GB)！
2026-04-20 12:54:54,035 - INFO - 🔄 正在為 LiveCC 進行 VRAM 回收與清理 (empty_cache)...
2026-04-20 12:54:54,047 - INFO - ✅ 清理完成，LiveCC 目前佔用 VRAM: 15.65 GB | 保留: 15.69 GB
2026-04-20 12:54:56,210 - INFO - [LiveCC] 運行中佔用 VRAM: 15.73 GB | 保留(Reserved): 16.69 GB
2026-04-20 12:54:56,210 - WARNING - 🚨 [警告] LiveCC 佔用過多 VRAM (15.73 GB 超過 15.0 GB)！
2026-04-20 12:54:56,210 - INFO - 🔄 正在為 LiveCC 進行 VRAM 回收與清理 (empty_cache)...
2026-04-20 12:54:56,221 - INFO - ✅ 清理完成，LiveCC 目前佔用 VRAM: 15.73 GB | 保留: 15.82 GB
2026-04-20 12:54:58,285 - INFO - [LiveCC] 運行中佔用 VRAM: 15.82 GB | 保留(Reserved): 16.80 GB
2026-04-20 12:54:58,285 - WARNING - 🚨 [警告] LiveCC 佔用過多 VRAM (15.82 GB 超過 15.0 GB)！
2026-04-20 12:54:58,285 - INFO - 🔄 正在為 LiveCC 進行 VRAM 回收與清理 (empty_cache)...
2026-04-20 12:54:58,295 - INFO - ✅ 清理完成，LiveCC 目前佔用 VRAM: 15.82 GB | 保留: 15.90 GB
2026-04-20 12:55:00,218 - INFO - [LiveCC] 運行中佔用 VRAM: 15.90 GB | 保留(Reserved): 16.88 GB
2026-04-20 12:55:00,218 - WARNING - 🚨 [警告] LiveCC 佔用過多 VRAM (15.90 GB 超過 15.0 GB)！
2026-04-20 12:55:00,218 - INFO - 🔄 正在為 LiveCC 進行 VRAM 回收與清理 (empty_cache)...
2026-04-20 12:55:00,230 - INFO - ✅ 清理完成，LiveCC 目前佔用 VRAM: 15.90 GB | 保留: 15.96 GB
2026-04-20 12:55:02,214 - INFO - [LiveCC] 運行中佔用 VRAM: 15.98 GB | 保留(Reserved): 16.93 GB
2026-04-20 12:55:02,214 - WARNING - 🚨 [警告] LiveCC 佔用過多 VRAM (15.98 GB 超過 15.0 GB)！
2026-04-20 12:55:02,214 - INFO - 🔄 正在為 LiveCC 進行 VRAM 回收與清理 (empty_cache)...
2026-04-20 12:55:02,225 - INFO - ✅ 清理完成，LiveCC 目前佔用 VRAM: 15.98 GB | 保留: 16.16 GB
2026-04-20 14:21:56,686 - INFO - [LiveCC] 初始化佔用淨 VRAM: 15.44 GB (載入前 0.00GB -> 載入後 15.44GB)
2026-04-20 14:22:15,970 - INFO - [LiveCC] 運行中佔用 VRAM: 15.64 GB | 保留(Reserved): 17.12 GB
2026-04-20 14:22:19,498 - INFO - [LiveCC] 運行中佔用 VRAM: 15.70 GB | 保留(Reserved): 17.12 GB
2026-04-20 14:22:21,421 - INFO - [LiveCC] 運行中佔用 VRAM: 15.78 GB | 保留(Reserved): 17.12 GB
2026-04-20 14:22:23,311 - INFO - [LiveCC] 運行中佔用 VRAM: 15.86 GB | 保留(Reserved): 17.12 GB
2026-04-20 14:22:25,361 - INFO - [LiveCC] 運行中佔用 VRAM: 15.94 GB | 保留(Reserved): 17.12 GB
2026-04-20 14:22:27,771 - INFO - [LiveCC] 運行中佔用 VRAM: 15.57 GB | 保留(Reserved): 17.12 GB
2026-04-20 14:22:29,450 - INFO - [LiveCC] 運行中佔用 VRAM: 15.65 GB | 保留(Reserved): 17.12 GB
2026-04-20 14:22:31,398 - INFO - [LiveCC] 運行中佔用 VRAM: 15.73 GB | 保留(Reserved): 17.12 GB
2026-04-20 14:22:33,412 - INFO - [LiveCC] 運行中佔用 VRAM: 15.81 GB | 保留(Reserved): 17.12 GB
2026-04-20 14:22:35,772 - INFO - [LiveCC] 運行中佔用 VRAM: 15.89 GB | 保留(Reserved): 17.12 GB
2026-04-20 14:22:37,782 - INFO - [LiveCC] 運行中佔用 VRAM: 15.57 GB | 保留(Reserved): 17.12 GB
2026-04-20 14:22:39,815 - INFO - [LiveCC] 運行中佔用 VRAM: 15.65 GB | 保留(Reserved): 17.12 GB
2026-04-20 14:22:41,768 - INFO - [LiveCC] 運行中佔用 VRAM: 15.73 GB | 保留(Reserved): 17.12 GB
2026-04-20 14:22:43,757 - INFO - [LiveCC] 運行中佔用 VRAM: 15.81 GB | 保留(Reserved): 17.12 GB
2026-04-20 14:22:45,745 - INFO - [LiveCC] 運行中佔用 VRAM: 15.90 GB | 保留(Reserved): 17.12 GB
2026-04-20 14:22:47,964 - INFO - [LiveCC] 運行中佔用 VRAM: 15.98 GB | 保留(Reserved): 17.12 GB
2026-04-20 14:22:49,840 - INFO - [LiveCC] 運行中佔用 VRAM: 15.57 GB | 保留(Reserved): 17.12 GB
2026-04-20 14:22:51,909 - INFO - [LiveCC] 運行中佔用 VRAM: 15.65 GB | 保留(Reserved): 17.12 GB
2026-04-20 14:22:53,682 - INFO - [LiveCC] 運行中佔用 VRAM: 15.73 GB | 保留(Reserved): 17.12 GB
2026-04-20 14:22:55,586 - INFO - [LiveCC] 運行中佔用 VRAM: 15.81 GB | 保留(Reserved): 17.12 GB
2026-04-20 14:22:57,790 - INFO - [LiveCC] 運行中佔用 VRAM: 15.90 GB | 保留(Reserved): 17.12 GB
2026-04-20 14:22:59,929 - INFO - [LiveCC] 運行中佔用 VRAM: 15.98 GB | 保留(Reserved): 17.12 GB
2026-04-20 14:23:01,719 - INFO - [LiveCC] 運行中佔用 VRAM: 15.57 GB | 保留(Reserved): 17.12 GB
2026-04-20 14:23:03,738 - INFO - [LiveCC] 運行中佔用 VRAM: 15.65 GB | 保留(Reserved): 17.12 GB
2026-04-20 14:23:05,704 - INFO - [LiveCC] 運行中佔用 VRAM: 15.73 GB | 保留(Reserved): 17.12 GB
2026-04-20 14:23:12,617 - INFO - [LiveCC] 運行中佔用 VRAM: 15.64 GB | 保留(Reserved): 17.12 GB
2026-04-20 14:23:16,537 - INFO - [LiveCC] 運行中佔用 VRAM: 15.72 GB | 保留(Reserved): 17.12 GB
2026-04-20 14:23:18,255 - INFO - [LiveCC] 運行中佔用 VRAM: 15.78 GB | 保留(Reserved): 17.12 GB
2026-04-20 14:23:20,322 - INFO - [LiveCC] 運行中佔用 VRAM: 15.86 GB | 保留(Reserved): 17.12 GB
2026-04-20 14:23:22,407 - INFO - [LiveCC] 運行中佔用 VRAM: 15.94 GB | 保留(Reserved): 17.12 GB
2026-04-20 14:23:24,465 - INFO - [LiveCC] 運行中佔用 VRAM: 15.57 GB | 保留(Reserved): 17.12 GB
2026-04-20 14:23:26,609 - INFO - [LiveCC] 運行中佔用 VRAM: 15.65 GB | 保留(Reserved): 17.12 GB
2026-04-20 14:23:28,679 - INFO - [LiveCC] 運行中佔用 VRAM: 15.73 GB | 保留(Reserved): 17.12 GB
2026-04-20 14:23:30,522 - INFO - [LiveCC] 運行中佔用 VRAM: 15.81 GB | 保留(Reserved): 17.12 GB
2026-04-20 14:23:32,744 - INFO - [LiveCC] 運行中佔用 VRAM: 15.89 GB | 保留(Reserved): 17.12 GB
2026-04-20 14:23:34,592 - INFO - [LiveCC] 運行中佔用 VRAM: 15.98 GB | 保留(Reserved): 17.12 GB
2026-04-20 14:23:36,493 - INFO - [LiveCC] 運行中佔用 VRAM: 15.57 GB | 保留(Reserved): 17.12 GB
2026-04-20 14:23:38,709 - INFO - [LiveCC] 運行中佔用 VRAM: 15.65 GB | 保留(Reserved): 17.12 GB
2026-04-20 14:23:40,535 - INFO - [LiveCC] 運行中佔用 VRAM: 15.73 GB | 保留(Reserved): 17.12 GB
2026-04-20 14:23:42,652 - INFO - [LiveCC] 運行中佔用 VRAM: 15.81 GB | 保留(Reserved): 17.12 GB
2026-04-20 14:23:44,470 - INFO - [LiveCC] 運行中佔用 VRAM: 15.89 GB | 保留(Reserved): 17.12 GB
2026-04-20 14:23:46,580 - INFO - [LiveCC] 運行中佔用 VRAM: 15.97 GB | 保留(Reserved): 17.12 GB
2026-04-20 14:23:48,644 - INFO - [LiveCC] 運行中佔用 VRAM: 15.57 GB | 保留(Reserved): 17.12 GB
2026-04-20 14:23:50,497 - INFO - [LiveCC] 運行中佔用 VRAM: 15.65 GB | 保留(Reserved): 17.12 GB
2026-04-20 14:23:52,660 - INFO - [LiveCC] 運行中佔用 VRAM: 15.73 GB | 保留(Reserved): 17.12 GB
2026-04-20 14:23:54,575 - INFO - [LiveCC] 運行中佔用 VRAM: 15.81 GB | 保留(Reserved): 17.12 GB
2026-04-20 14:23:56,463 - INFO - [LiveCC] 運行中佔用 VRAM: 15.89 GB | 保留(Reserved): 17.12 GB
2026-04-20 14:23:58,724 - INFO - [LiveCC] 運行中佔用 VRAM: 15.97 GB | 保留(Reserved): 17.12 GB
2026-04-20 14:24:00,944 - INFO - [LiveCC] 運行中佔用 VRAM: 15.57 GB | 保留(Reserved): 17.12 GB
2026-04-20 14:24:02,614 - INFO - [LiveCC] 運行中佔用 VRAM: 15.65 GB | 保留(Reserved): 17.12 GB
2026-04-20 14:24:04,494 - INFO - [LiveCC] 運行中佔用 VRAM: 15.73 GB | 保留(Reserved): 17.12 GB
2026-04-20 14:24:06,630 - INFO - [LiveCC] 運行中佔用 VRAM: 15.81 GB | 保留(Reserved): 17.12 GB
2026-04-20 14:24:08,767 - INFO - [LiveCC] 運行中佔用 VRAM: 15.89 GB | 保留(Reserved): 17.12 GB
2026-04-20 14:24:10,780 - INFO - [LiveCC] 運行中佔用 VRAM: 15.58 GB | 保留(Reserved): 17.12 GB
2026-04-20 14:24:13,679 - INFO - [LiveCC] 運行中佔用 VRAM: 15.64 GB | 保留(Reserved): 17.12 GB
2026-04-20 14:24:21,197 - INFO - [LiveCC] 運行中佔用 VRAM: 15.64 GB | 保留(Reserved): 17.12 GB
2026-04-20 14:24:25,034 - INFO - [LiveCC] 運行中佔用 VRAM: 15.72 GB | 保留(Reserved): 17.12 GB
2026-04-20 14:24:27,142 - INFO - [LiveCC] 運行中佔用 VRAM: 15.78 GB | 保留(Reserved): 17.12 GB
2026-04-20 14:24:29,026 - INFO - [LiveCC] 運行中佔用 VRAM: 15.86 GB | 保留(Reserved): 17.12 GB
2026-04-20 14:24:31,555 - INFO - [LiveCC] 運行中佔用 VRAM: 15.94 GB | 保留(Reserved): 17.12 GB
2026-04-20 14:24:33,607 - INFO - [LiveCC] 運行中佔用 VRAM: 15.57 GB | 保留(Reserved): 17.12 GB
2026-04-20 14:24:35,367 - INFO - [LiveCC] 運行中佔用 VRAM: 15.65 GB | 保留(Reserved): 17.12 GB
2026-04-20 14:24:37,587 - INFO - [LiveCC] 運行中佔用 VRAM: 15.73 GB | 保留(Reserved): 17.12 GB
2026-04-20 14:24:39,414 - INFO - [LiveCC] 運行中佔用 VRAM: 15.81 GB | 保留(Reserved): 17.12 GB
2026-04-20 14:24:41,329 - INFO - [LiveCC] 運行中佔用 VRAM: 15.89 GB | 保留(Reserved): 17.12 GB
2026-04-20 14:24:43,405 - INFO - [LiveCC] 運行中佔用 VRAM: 15.97 GB | 保留(Reserved): 17.12 GB
2026-04-20 14:24:45,226 - INFO - [LiveCC] 運行中佔用 VRAM: 15.57 GB | 保留(Reserved): 17.12 GB
2026-04-20 14:24:47,472 - INFO - [LiveCC] 運行中佔用 VRAM: 15.65 GB | 保留(Reserved): 17.12 GB
2026-04-20 14:24:49,290 - INFO - [LiveCC] 運行中佔用 VRAM: 15.73 GB | 保留(Reserved): 17.12 GB
2026-04-20 14:24:51,414 - INFO - [LiveCC] 運行中佔用 VRAM: 15.81 GB | 保留(Reserved): 17.12 GB
2026-04-20 14:24:53,272 - INFO - [LiveCC] 運行中佔用 VRAM: 15.89 GB | 保留(Reserved): 17.12 GB
2026-04-20 14:24:55,386 - INFO - [LiveCC] 運行中佔用 VRAM: 15.97 GB | 保留(Reserved): 17.12 GB
2026-04-20 14:24:57,706 - INFO - [LiveCC] 運行中佔用 VRAM: 15.57 GB | 保留(Reserved): 17.12 GB
2026-04-20 14:24:59,395 - INFO - [LiveCC] 運行中佔用 VRAM: 15.65 GB | 保留(Reserved): 17.12 GB
2026-04-20 14:25:01,259 - INFO - [LiveCC] 運行中佔用 VRAM: 15.73 GB | 保留(Reserved): 17.12 GB
2026-04-20 14:25:03,776 - INFO - [LiveCC] 運行中佔用 VRAM: 15.81 GB | 保留(Reserved): 17.12 GB
2026-04-20 14:25:05,694 - INFO - [LiveCC] 運行中佔用 VRAM: 15.89 GB | 保留(Reserved): 17.12 GB
2026-04-20 14:25:07,655 - INFO - [LiveCC] 運行中佔用 VRAM: 15.57 GB | 保留(Reserved): 17.12 GB
2026-04-20 14:25:09,576 - INFO - [LiveCC] 運行中佔用 VRAM: 15.65 GB | 保留(Reserved): 17.12 GB
2026-04-20 14:25:11,722 - INFO - [LiveCC] 運行中佔用 VRAM: 15.73 GB | 保留(Reserved): 17.12 GB
2026-04-20 14:25:13,763 - INFO - [LiveCC] 運行中佔用 VRAM: 15.81 GB | 保留(Reserved): 17.12 GB
2026-04-20 14:25:15,723 - INFO - [LiveCC] 運行中佔用 VRAM: 15.89 GB | 保留(Reserved): 17.12 GB
2026-04-20 14:25:17,819 - INFO - [LiveCC] 運行中佔用 VRAM: 15.98 GB | 保留(Reserved): 17.12 GB
2026-04-20 14:25:19,778 - INFO - [LiveCC] 運行中佔用 VRAM: 15.57 GB | 保留(Reserved): 17.12 GB
2026-04-20 15:06:39,290 - INFO - [LiveCC] 初始化佔用淨 VRAM: 15.44 GB (載入前 0.00GB -> 載入後 15.44GB)
2026-04-20 15:07:05,166 - INFO - [LiveCC] 運行中佔用 VRAM: 15.64 GB | 保留(Reserved): 17.12 GB
2026-04-20 15:07:08,673 - INFO - [LiveCC] 運行中佔用 VRAM: 15.71 GB | 保留(Reserved): 17.12 GB
2026-04-20 15:07:10,801 - INFO - [LiveCC] 運行中佔用 VRAM: 15.78 GB | 保留(Reserved): 17.12 GB
2026-04-20 15:07:12,765 - INFO - [LiveCC] 運行中佔用 VRAM: 15.86 GB | 保留(Reserved): 17.12 GB
2026-04-20 15:07:14,627 - INFO - [LiveCC] 運行中佔用 VRAM: 15.94 GB | 保留(Reserved): 17.12 GB
2026-04-20 15:07:16,942 - INFO - [LiveCC] 運行中佔用 VRAM: 15.57 GB | 保留(Reserved): 17.12 GB
2026-04-20 15:07:18,729 - INFO - [LiveCC] 運行中佔用 VRAM: 15.65 GB | 保留(Reserved): 17.12 GB
2026-04-20 15:07:20,690 - INFO - [LiveCC] 運行中佔用 VRAM: 15.73 GB | 保留(Reserved): 17.12 GB
2026-04-20 15:07:22,990 - INFO - [LiveCC] 運行中佔用 VRAM: 15.81 GB | 保留(Reserved): 17.12 GB
2026-04-20 15:07:24,727 - INFO - [LiveCC] 運行中佔用 VRAM: 15.89 GB | 保留(Reserved): 17.12 GB
2026-04-20 15:07:26,630 - INFO - [LiveCC] 運行中佔用 VRAM: 15.97 GB | 保留(Reserved): 17.12 GB
2026-04-20 15:07:28,879 - INFO - [LiveCC] 運行中佔用 VRAM: 15.57 GB | 保留(Reserved): 17.12 GB
2026-04-20 15:07:30,760 - INFO - [LiveCC] 運行中佔用 VRAM: 15.65 GB | 保留(Reserved): 17.12 GB
2026-04-20 15:07:32,652 - INFO - [LiveCC] 運行中佔用 VRAM: 15.73 GB | 保留(Reserved): 17.12 GB
2026-04-20 15:07:34,829 - INFO - [LiveCC] 運行中佔用 VRAM: 15.81 GB | 保留(Reserved): 17.12 GB
2026-04-20 15:07:36,828 - INFO - [LiveCC] 運行中佔用 VRAM: 15.89 GB | 保留(Reserved): 17.12 GB
2026-04-20 15:07:39,105 - INFO - [LiveCC] 運行中佔用 VRAM: 15.98 GB | 保留(Reserved): 17.12 GB
2026-04-20 15:07:40,824 - INFO - [LiveCC] 運行中佔用 VRAM: 15.57 GB | 保留(Reserved): 17.12 GB
2026-04-20 15:07:42,988 - INFO - [LiveCC] 運行中佔用 VRAM: 15.65 GB | 保留(Reserved): 17.12 GB
2026-04-20 15:07:44,844 - INFO - [LiveCC] 運行中佔用 VRAM: 15.73 GB | 保留(Reserved): 17.12 GB
2026-04-20 15:07:46,963 - INFO - [LiveCC] 運行中佔用 VRAM: 15.81 GB | 保留(Reserved): 17.12 GB
2026-04-20 15:07:48,839 - INFO - [LiveCC] 運行中佔用 VRAM: 15.90 GB | 保留(Reserved): 17.12 GB
2026-04-20 15:07:50,964 - INFO - [LiveCC] 運行中佔用 VRAM: 15.98 GB | 保留(Reserved): 17.12 GB
2026-04-20 15:07:52,859 - INFO - [LiveCC] 運行中佔用 VRAM: 15.57 GB | 保留(Reserved): 17.12 GB
2026-04-20 15:07:54,874 - INFO - [LiveCC] 運行中佔用 VRAM: 15.65 GB | 保留(Reserved): 17.12 GB
2026-04-20 15:07:56,796 - INFO - [LiveCC] 運行中佔用 VRAM: 15.74 GB | 保留(Reserved): 17.12 GB
2026-04-20 15:07:58,699 - INFO - [LiveCC] 運行中佔用 VRAM: 15.82 GB | 保留(Reserved): 17.12 GB
2026-04-20 15:08:00,638 - INFO - [LiveCC] 運行中佔用 VRAM: 15.90 GB | 保留(Reserved): 17.12 GB
2026-04-20 15:08:03,336 - INFO - [LiveCC] 運行中佔用 VRAM: 15.57 GB | 保留(Reserved): 17.12 GB
2026-04-20 15:08:05,233 - INFO - [LiveCC] 運行中佔用 VRAM: 15.65 GB | 保留(Reserved): 17.12 GB
2026-04-20 15:08:07,088 - INFO - [LiveCC] 運行中佔用 VRAM: 15.73 GB | 保留(Reserved): 17.12 GB
2026-04-20 15:08:09,061 - INFO - [LiveCC] 運行中佔用 VRAM: 15.81 GB | 保留(Reserved): 17.12 GB
2026-04-20 15:08:11,246 - INFO - [LiveCC] 運行中佔用 VRAM: 15.89 GB | 保留(Reserved): 17.12 GB
2026-04-20 15:08:12,943 - INFO - [LiveCC] 運行中佔用 VRAM: 15.97 GB | 保留(Reserved): 17.12 GB
2026-04-20 15:08:15,152 - INFO - [LiveCC] 運行中佔用 VRAM: 15.57 GB | 保留(Reserved): 17.12 GB
2026-04-20 15:08:17,102 - INFO - [LiveCC] 運行中佔用 VRAM: 15.65 GB | 保留(Reserved): 17.12 GB
2026-04-20 15:08:19,333 - INFO - [LiveCC] 運行中佔用 VRAM: 15.73 GB | 保留(Reserved): 17.12 GB
2026-04-20 15:08:21,199 - INFO - [LiveCC] 運行中佔用 VRAM: 15.81 GB | 保留(Reserved): 17.12 GB
2026-04-20 15:08:23,351 - INFO - [LiveCC] 運行中佔用 VRAM: 15.90 GB | 保留(Reserved): 17.12 GB
2026-04-20 15:08:25,597 - INFO - [LiveCC] 運行中佔用 VRAM: 15.57 GB | 保留(Reserved): 17.12 GB
2026-04-20 15:08:27,656 - INFO - [LiveCC] 運行中佔用 VRAM: 15.65 GB | 保留(Reserved): 17.12 GB
2026-04-20 15:08:29,547 - INFO - [LiveCC] 運行中佔用 VRAM: 15.73 GB | 保留(Reserved): 17.12 GB
2026-04-20 15:08:31,486 - INFO - [LiveCC] 運行中佔用 VRAM: 15.81 GB | 保留(Reserved): 17.12 GB
2026-04-20 15:08:33,475 - INFO - [LiveCC] 運行中佔用 VRAM: 15.90 GB | 保留(Reserved): 17.12 GB
2026-04-20 15:08:35,563 - INFO - [LiveCC] 運行中佔用 VRAM: 15.98 GB | 保留(Reserved): 17.12 GB
2026-04-20 15:08:37,476 - INFO - [LiveCC] 運行中佔用 VRAM: 15.57 GB | 保留(Reserved): 17.12 GB
2026-04-20 15:08:39,604 - INFO - [LiveCC] 運行中佔用 VRAM: 15.65 GB | 保留(Reserved): 17.12 GB
2026-04-20 15:08:41,694 - INFO - [LiveCC] 運行中佔用 VRAM: 15.73 GB | 保留(Reserved): 17.12 GB
2026-04-20 15:08:43,485 - INFO - [LiveCC] 運行中佔用 VRAM: 15.81 GB | 保留(Reserved): 17.12 GB
2026-04-20 15:08:45,383 - INFO - [LiveCC] 運行中佔用 VRAM: 15.89 GB | 保留(Reserved): 17.12 GB
2026-04-20 15:08:47,703 - INFO - [LiveCC] 運行中佔用 VRAM: 15.97 GB | 保留(Reserved): 17.12 GB
2026-04-20 15:08:49,459 - INFO - [LiveCC] 運行中佔用 VRAM: 15.57 GB | 保留(Reserved): 17.12 GB
2026-04-20 15:08:51,442 - INFO - [LiveCC] 運行中佔用 VRAM: 15.65 GB | 保留(Reserved): 17.12 GB
2026-04-20 15:08:53,824 - INFO - [LiveCC] 運行中佔用 VRAM: 15.73 GB | 保留(Reserved): 17.12 GB
2026-04-20 15:08:55,488 - INFO - [LiveCC] 運行中佔用 VRAM: 15.81 GB | 保留(Reserved): 17.12 GB
2026-04-20 15:08:57,354 - INFO - [LiveCC] 運行中佔用 VRAM: 15.89 GB | 保留(Reserved): 17.12 GB
2026-04-20 15:08:59,864 - INFO - [LiveCC] 運行中佔用 VRAM: 15.98 GB | 保留(Reserved): 17.12 GB
2026-04-20 15:09:01,459 - INFO - [LiveCC] 運行中佔用 VRAM: 15.57 GB | 保留(Reserved): 17.12 GB
2026-04-20 15:09:03,394 - INFO - [LiveCC] 運行中佔用 VRAM: 15.65 GB | 保留(Reserved): 17.12 GB
2026-04-20 15:09:05,584 - INFO - [LiveCC] 運行中佔用 VRAM: 15.73 GB | 保留(Reserved): 17.12 GB
2026-04-20 15:09:07,532 - INFO - [LiveCC] 運行中佔用 VRAM: 15.81 GB | 保留(Reserved): 17.12 GB
2026-04-20 15:09:09,531 - INFO - [LiveCC] 運行中佔用 VRAM: 15.90 GB | 保留(Reserved): 17.12 GB
2026-04-20 15:09:11,523 - INFO - [LiveCC] 運行中佔用 VRAM: 15.98 GB | 保留(Reserved): 17.12 GB
2026-04-20 15:09:13,828 - INFO - [LiveCC] 運行中佔用 VRAM: 15.57 GB | 保留(Reserved): 17.12 GB
2026-04-20 15:09:15,600 - INFO - [LiveCC] 運行中佔用 VRAM: 15.65 GB | 保留(Reserved): 17.12 GB
2026-04-20 15:09:17,633 - INFO - [LiveCC] 運行中佔用 VRAM: 15.73 GB | 保留(Reserved): 17.12 GB
2026-04-20 15:09:19,581 - INFO - [LiveCC] 運行中佔用 VRAM: 15.81 GB | 保留(Reserved): 17.12 GB
2026-04-20 15:09:21,629 - INFO - [LiveCC] 運行中佔用 VRAM: 15.90 GB | 保留(Reserved): 17.12 GB
2026-04-20 15:09:23,828 - INFO - [LiveCC] 運行中佔用 VRAM: 15.98 GB | 保留(Reserved): 17.12 GB
2026-04-20 15:09:25,876 - INFO - [LiveCC] 運行中佔用 VRAM: 15.58 GB | 保留(Reserved): 17.12 GB
2026-04-20 15:09:27,447 - INFO - [LiveCC] 運行中佔用 VRAM: 15.66 GB | 保留(Reserved): 17.12 GB
2026-04-20 15:09:29,543 - INFO - [LiveCC] 運行中佔用 VRAM: 15.74 GB | 保留(Reserved): 17.12 GB
2026-04-20 15:09:31,777 - INFO - [LiveCC] 運行中佔用 VRAM: 15.82 GB | 保留(Reserved): 17.12 GB
2026-04-20 15:09:33,638 - INFO - [LiveCC] 運行中佔用 VRAM: 15.90 GB | 保留(Reserved): 17.12 GB
2026-04-20 15:09:36,017 - INFO - [LiveCC] 運行中佔用 VRAM: 15.57 GB | 保留(Reserved): 17.12 GB
2026-04-20 15:09:37,714 - INFO - [LiveCC] 運行中佔用 VRAM: 15.65 GB | 保留(Reserved): 17.12 GB
2026-04-20 15:09:39,559 - INFO - [LiveCC] 運行中佔用 VRAM: 15.73 GB | 保留(Reserved): 17.12 GB
2026-04-20 15:09:41,881 - INFO - [LiveCC] 運行中佔用 VRAM: 15.81 GB | 保留(Reserved): 17.12 GB
2026-04-20 15:09:43,793 - INFO - [LiveCC] 運行中佔用 VRAM: 15.90 GB | 保留(Reserved): 17.12 GB
2026-04-20 15:09:45,821 - INFO - [LiveCC] 運行中佔用 VRAM: 15.98 GB | 保留(Reserved): 17.12 GB
2026-04-20 15:09:48,106 - INFO - [LiveCC] 運行中佔用 VRAM: 15.58 GB | 保留(Reserved): 17.12 GB
2026-04-20 15:09:49,617 - INFO - [LiveCC] 運行中佔用 VRAM: 15.65 GB | 保留(Reserved): 17.12 GB
2026-04-20 15:09:51,749 - INFO - [LiveCC] 運行中佔用 VRAM: 15.74 GB | 保留(Reserved): 17.12 GB
2026-04-20 15:09:53,740 - INFO - [LiveCC] 運行中佔用 VRAM: 15.82 GB | 保留(Reserved): 17.12 GB
2026-04-20 15:09:55,785 - INFO - [LiveCC] 運行中佔用 VRAM: 15.90 GB | 保留(Reserved): 17.12 GB
2026-04-20 15:09:57,776 - INFO - [LiveCC] 運行中佔用 VRAM: 15.98 GB | 保留(Reserved): 17.12 GB
2026-04-20 15:09:59,721 - INFO - [LiveCC] 運行中佔用 VRAM: 15.57 GB | 保留(Reserved): 17.12 GB
2026-04-20 15:10:01,573 - INFO - [LiveCC] 運行中佔用 VRAM: 15.65 GB | 保留(Reserved): 17.12 GB
2026-04-20 15:10:03,584 - INFO - [LiveCC] 運行中佔用 VRAM: 15.73 GB | 保留(Reserved): 17.12 GB
2026-04-20 15:10:05,630 - INFO - [LiveCC] 運行中佔用 VRAM: 15.81 GB | 保留(Reserved): 17.12 GB
2026-04-20 15:10:07,802 - INFO - [LiveCC] 運行中佔用 VRAM: 15.90 GB | 保留(Reserved): 17.12 GB
2026-04-20 15:10:09,633 - INFO - [LiveCC] 運行中佔用 VRAM: 15.98 GB | 保留(Reserved): 17.12 GB
2026-04-20 15:10:11,863 - INFO - [LiveCC] 運行中佔用 VRAM: 15.57 GB | 保留(Reserved): 17.12 GB
2026-04-20 15:10:13,823 - INFO - [LiveCC] 運行中佔用 VRAM: 15.65 GB | 保留(Reserved): 17.12 GB
2026-04-20 15:10:15,846 - INFO - [LiveCC] 運行中佔用 VRAM: 15.73 GB | 保留(Reserved): 17.12 GB
2026-04-20 15:10:17,806 - INFO - [LiveCC] 運行中佔用 VRAM: 15.81 GB | 保留(Reserved): 17.12 GB
2026-04-20 15:10:19,766 - INFO - [LiveCC] 運行中佔用 VRAM: 15.89 GB | 保留(Reserved): 17.12 GB
2026-04-20 15:10:21,823 - INFO - [LiveCC] 運行中佔用 VRAM: 15.97 GB | 保留(Reserved): 17.12 GB
2026-04-20 15:10:24,073 - INFO - [LiveCC] 運行中佔用 VRAM: 15.57 GB | 保留(Reserved): 17.12 GB
2026-04-20 15:10:26,147 - INFO - [LiveCC] 運行中佔用 VRAM: 15.65 GB | 保留(Reserved): 17.12 GB
2026-04-20 15:10:27,769 - INFO - [LiveCC] 運行中佔用 VRAM: 15.74 GB | 保留(Reserved): 17.12 GB
2026-04-20 15:10:29,724 - INFO - [LiveCC] 運行中佔用 VRAM: 15.82 GB | 保留(Reserved): 17.12 GB
2026-04-20 15:10:31,805 - INFO - [LiveCC] 運行中佔用 VRAM: 15.90 GB | 保留(Reserved): 17.12 GB
2026-04-20 15:10:33,729 - INFO - [LiveCC] 運行中佔用 VRAM: 15.98 GB | 保留(Reserved): 17.12 GB
2026-04-20 15:10:35,752 - INFO - [LiveCC] 運行中佔用 VRAM: 15.57 GB | 保留(Reserved): 17.12 GB
2026-04-20 15:10:37,769 - INFO - [LiveCC] 運行中佔用 VRAM: 15.65 GB | 保留(Reserved): 17.12 GB
2026-04-20 15:10:39,669 - INFO - [LiveCC] 運行中佔用 VRAM: 15.73 GB | 保留(Reserved): 17.12 GB
2026-04-20 15:10:41,900 - INFO - [LiveCC] 運行中佔用 VRAM: 15.81 GB | 保留(Reserved): 17.12 GB
2026-04-20 15:10:43,673 - INFO - [LiveCC] 運行中佔用 VRAM: 15.89 GB | 保留(Reserved): 17.12 GB
2026-04-20 15:10:46,015 - INFO - [LiveCC] 運行中佔用 VRAM: 15.57 GB | 保留(Reserved): 17.12 GB
2026-04-20 15:10:48,057 - INFO - [LiveCC] 運行中佔用 VRAM: 15.65 GB | 保留(Reserved): 17.12 GB
2026-04-20 15:10:50,182 - INFO - [LiveCC] 運行中佔用 VRAM: 15.73 GB | 保留(Reserved): 17.12 GB
2026-04-20 15:10:51,857 - INFO - [LiveCC] 運行中佔用 VRAM: 15.81 GB | 保留(Reserved): 17.12 GB
2026-04-20 15:10:54,193 - INFO - [LiveCC] 運行中佔用 VRAM: 15.90 GB | 保留(Reserved): 17.12 GB
2026-04-20 15:10:55,960 - INFO - [LiveCC] 運行中佔用 VRAM: 15.98 GB | 保留(Reserved): 17.12 GB
2026-04-20 15:10:57,968 - INFO - [LiveCC] 運行中佔用 VRAM: 15.57 GB | 保留(Reserved): 17.12 GB
2026-04-20 15:10:59,918 - INFO - [LiveCC] 運行中佔用 VRAM: 15.65 GB | 保留(Reserved): 17.12 GB
2026-04-20 15:11:02,014 - INFO - [LiveCC] 運行中佔用 VRAM: 15.73 GB | 保留(Reserved): 17.12 GB
2026-04-20 15:11:04,025 - INFO - [LiveCC] 運行中佔用 VRAM: 15.81 GB | 保留(Reserved): 17.12 GB
2026-04-20 15:11:05,958 - INFO - [LiveCC] 運行中佔用 VRAM: 15.89 GB | 保留(Reserved): 17.12 GB
2026-04-20 15:11:08,058 - INFO - [LiveCC] 運行中佔用 VRAM: 15.98 GB | 保留(Reserved): 17.12 GB
2026-04-20 15:11:10,156 - INFO - [LiveCC] 運行中佔用 VRAM: 15.57 GB | 保留(Reserved): 17.12 GB
2026-04-20 15:11:12,169 - INFO - [LiveCC] 運行中佔用 VRAM: 15.65 GB | 保留(Reserved): 17.12 GB
2026-04-20 15:11:13,866 - INFO - [LiveCC] 運行中佔用 VRAM: 15.74 GB | 保留(Reserved): 17.12 GB
2026-04-20 15:11:16,033 - INFO - [LiveCC] 運行中佔用 VRAM: 15.81 GB | 保留(Reserved): 17.12 GB
2026-04-20 15:11:18,138 - INFO - [LiveCC] 運行中佔用 VRAM: 15.90 GB | 保留(Reserved): 17.12 GB
2026-04-20 15:11:20,123 - INFO - [LiveCC] 運行中佔用 VRAM: 15.98 GB | 保留(Reserved): 17.12 GB
2026-04-20 15:11:22,536 - INFO - [LiveCC] 運行中佔用 VRAM: 15.58 GB | 保留(Reserved): 17.12 GB
2026-04-20 15:11:24,256 - INFO - [LiveCC] 運行中佔用 VRAM: 15.65 GB | 保留(Reserved): 17.12 GB
2026-04-20 15:11:25,996 - INFO - [LiveCC] 運行中佔用 VRAM: 15.74 GB | 保留(Reserved): 17.12 GB
2026-04-20 15:11:27,945 - INFO - [LiveCC] 運行中佔用 VRAM: 15.82 GB | 保留(Reserved): 17.12 GB
2026-04-20 15:11:30,152 - INFO - [LiveCC] 運行中佔用 VRAM: 15.90 GB | 保留(Reserved): 17.12 GB
2026-04-20 15:11:32,555 - INFO - [LiveCC] 運行中佔用 VRAM: 15.57 GB | 保留(Reserved): 17.12 GB
2026-04-20 15:11:34,313 - INFO - [LiveCC] 運行中佔用 VRAM: 15.65 GB | 保留(Reserved): 17.12 GB
2026-04-20 15:11:36,190 - INFO - [LiveCC] 運行中佔用 VRAM: 15.74 GB | 保留(Reserved): 17.12 GB
2026-04-20 15:11:38,292 - INFO - [LiveCC] 運行中佔用 VRAM: 15.82 GB | 保留(Reserved): 17.12 GB
2026-04-20 15:11:40,255 - INFO - [LiveCC] 運行中佔用 VRAM: 15.90 GB | 保留(Reserved): 17.12 GB
2026-04-20 15:11:42,262 - INFO - [LiveCC] 運行中佔用 VRAM: 15.98 GB | 保留(Reserved): 17.12 GB
2026-04-20 15:11:44,516 - INFO - [LiveCC] 運行中佔用 VRAM: 15.57 GB | 保留(Reserved): 17.12 GB
2026-04-20 15:11:46,354 - INFO - [LiveCC] 運行中佔用 VRAM: 15.65 GB | 保留(Reserved): 17.12 GB
2026-04-20 15:11:48,322 - INFO - [LiveCC] 運行中佔用 VRAM: 15.73 GB | 保留(Reserved): 17.12 GB
2026-04-20 15:11:50,202 - INFO - [LiveCC] 運行中佔用 VRAM: 15.81 GB | 保留(Reserved): 17.12 GB
2026-04-20 15:11:52,216 - INFO - [LiveCC] 運行中佔用 VRAM: 15.89 GB | 保留(Reserved): 17.12 GB
2026-04-20 15:11:54,284 - INFO - [LiveCC] 運行中佔用 VRAM: 15.98 GB | 保留(Reserved): 17.12 GB
2026-04-20 15:11:56,551 - INFO - [LiveCC] 運行中佔用 VRAM: 15.57 GB | 保留(Reserved): 17.12 GB
2026-04-20 15:11:58,318 - INFO - [LiveCC] 運行中佔用 VRAM: 15.65 GB | 保留(Reserved): 17.12 GB
2026-04-20 15:12:00,307 - INFO - [LiveCC] 運行中佔用 VRAM: 15.73 GB | 保留(Reserved): 17.12 GB
2026-04-20 15:12:02,222 - INFO - [LiveCC] 運行中佔用 VRAM: 15.81 GB | 保留(Reserved): 17.12 GB
2026-04-20 15:12:04,291 - INFO - [LiveCC] 運行中佔用 VRAM: 15.89 GB | 保留(Reserved): 17.12 GB
2026-04-20 15:12:06,476 - INFO - [LiveCC] 運行中佔用 VRAM: 15.97 GB | 保留(Reserved): 17.12 GB
2026-04-20 15:12:08,508 - INFO - [LiveCC] 運行中佔用 VRAM: 15.57 GB | 保留(Reserved): 17.12 GB
2026-04-20 15:12:10,410 - INFO - [LiveCC] 運行中佔用 VRAM: 15.65 GB | 保留(Reserved): 17.12 GB
2026-04-20 15:12:12,142 - INFO - [LiveCC] 運行中佔用 VRAM: 15.73 GB | 保留(Reserved): 17.12 GB
2026-04-20 15:12:14,352 - INFO - [LiveCC] 運行中佔用 VRAM: 15.81 GB | 保留(Reserved): 17.12 GB
2026-04-20 15:12:16,238 - INFO - [LiveCC] 運行中佔用 VRAM: 15.90 GB | 保留(Reserved): 17.12 GB
2026-04-20 15:12:18,374 - INFO - [LiveCC] 運行中佔用 VRAM: 15.98 GB | 保留(Reserved): 17.12 GB
2026-04-20 15:12:20,339 - INFO - [LiveCC] 運行中佔用 VRAM: 15.57 GB | 保留(Reserved): 17.12 GB
2026-04-20 15:12:22,223 - INFO - [LiveCC] 運行中佔用 VRAM: 15.65 GB | 保留(Reserved): 17.12 GB
2026-04-20 15:12:24,343 - INFO - [LiveCC] 運行中佔用 VRAM: 15.74 GB | 保留(Reserved): 17.12 GB
2026-04-20 15:12:26,403 - INFO - [LiveCC] 運行中佔用 VRAM: 15.82 GB | 保留(Reserved): 17.12 GB
2026-04-20 15:12:28,204 - INFO - [LiveCC] 運行中佔用 VRAM: 15.90 GB | 保留(Reserved): 17.12 GB
2026-04-20 15:12:30,636 - INFO - [LiveCC] 運行中佔用 VRAM: 15.57 GB | 保留(Reserved): 17.12 GB
2026-04-20 15:12:32,696 - INFO - [LiveCC] 運行中佔用 VRAM: 15.65 GB | 保留(Reserved): 17.12 GB
2026-04-20 15:12:34,446 - INFO - [LiveCC] 運行中佔用 VRAM: 15.74 GB | 保留(Reserved): 17.12 GB
2026-04-20 15:12:36,345 - INFO - [LiveCC] 運行中佔用 VRAM: 15.82 GB | 保留(Reserved): 17.12 GB
2026-04-20 15:12:38,921 - INFO - [LiveCC] 運行中佔用 VRAM: 15.90 GB | 保留(Reserved): 17.12 GB
2026-04-20 15:12:40,979 - INFO - [LiveCC] 運行中佔用 VRAM: 15.58 GB | 保留(Reserved): 17.12 GB
2026-04-20 15:12:42,741 - INFO - [LiveCC] 運行中佔用 VRAM: 15.65 GB | 保留(Reserved): 17.12 GB
2026-04-20 15:12:44,768 - INFO - [LiveCC] 運行中佔用 VRAM: 15.74 GB | 保留(Reserved): 17.12 GB
2026-04-20 15:12:46,674 - INFO - [LiveCC] 運行中佔用 VRAM: 15.82 GB | 保留(Reserved): 17.12 GB
2026-04-20 15:12:48,842 - INFO - [LiveCC] 運行中佔用 VRAM: 15.90 GB | 保留(Reserved): 17.12 GB
2026-04-20 15:12:50,836 - INFO - [LiveCC] 運行中佔用 VRAM: 15.98 GB | 保留(Reserved): 17.12 GB
2026-04-20 15:12:52,991 - INFO - [LiveCC] 運行中佔用 VRAM: 15.57 GB | 保留(Reserved): 17.12 GB
2026-04-20 15:12:54,614 - INFO - [LiveCC] 運行中佔用 VRAM: 15.65 GB | 保留(Reserved): 17.12 GB
2026-04-20 15:12:57,071 - INFO - [LiveCC] 運行中佔用 VRAM: 15.73 GB | 保留(Reserved): 17.12 GB
2026-04-20 15:12:58,944 - INFO - [LiveCC] 運行中佔用 VRAM: 15.81 GB | 保留(Reserved): 17.12 GB
2026-04-20 15:13:00,840 - INFO - [LiveCC] 運行中佔用 VRAM: 15.89 GB | 保留(Reserved): 17.12 GB
2026-04-20 15:13:02,728 - INFO - [LiveCC] 運行中佔用 VRAM: 15.98 GB | 保留(Reserved): 17.12 GB
2026-04-20 15:13:04,661 - INFO - [LiveCC] 運行中佔用 VRAM: 15.57 GB | 保留(Reserved): 17.12 GB
2026-04-20 15:13:06,812 - INFO - [LiveCC] 運行中佔用 VRAM: 15.65 GB | 保留(Reserved): 17.12 GB
2026-04-20 15:13:08,880 - INFO - [LiveCC] 運行中佔用 VRAM: 15.74 GB | 保留(Reserved): 17.12 GB
2026-04-20 15:13:10,916 - INFO - [LiveCC] 運行中佔用 VRAM: 15.82 GB | 保留(Reserved): 17.12 GB
2026-04-20 15:13:12,767 - INFO - [LiveCC] 運行中佔用 VRAM: 15.90 GB | 保留(Reserved): 17.12 GB
2026-04-20 15:13:14,923 - INFO - [LiveCC] 運行中佔用 VRAM: 15.98 GB | 保留(Reserved): 17.12 GB
2026-04-20 15:13:16,982 - INFO - [LiveCC] 運行中佔用 VRAM: 15.58 GB | 保留(Reserved): 17.12 GB
2026-04-20 15:13:18,793 - INFO - [LiveCC] 運行中佔用 VRAM: 15.65 GB | 保留(Reserved): 17.12 GB
2026-04-20 15:13:20,984 - INFO - [LiveCC] 運行中佔用 VRAM: 15.74 GB | 保留(Reserved): 17.12 GB
2026-04-20 15:13:22,799 - INFO - [LiveCC] 運行中佔用 VRAM: 15.82 GB | 保留(Reserved): 17.12 GB
2026-04-20 15:13:24,626 - INFO - [LiveCC] 運行中佔用 VRAM: 15.90 GB | 保留(Reserved): 17.12 GB
2026-04-20 15:13:26,875 - INFO - [LiveCC] 運行中佔用 VRAM: 15.98 GB | 保留(Reserved): 17.12 GB
2026-04-20 15:13:29,025 - INFO - [LiveCC] 運行中佔用 VRAM: 15.57 GB | 保留(Reserved): 17.12 GB
2026-04-20 15:13:30,887 - INFO - [LiveCC] 運行中佔用 VRAM: 15.65 GB | 保留(Reserved): 17.12 GB
2026-04-20 15:13:32,905 - INFO - [LiveCC] 運行中佔用 VRAM: 15.73 GB | 保留(Reserved): 17.12 GB
2026-04-20 15:13:34,633 - INFO - [LiveCC] 運行中佔用 VRAM: 15.81 GB | 保留(Reserved): 17.12 GB
2026-04-20 15:13:36,858 - INFO - [LiveCC] 運行中佔用 VRAM: 15.89 GB | 保留(Reserved): 17.12 GB
2026-04-20 15:13:38,790 - INFO - [LiveCC] 運行中佔用 VRAM: 15.97 GB | 保留(Reserved): 17.12 GB
2026-04-20 15:13:41,039 - INFO - [LiveCC] 運行中佔用 VRAM: 15.57 GB | 保留(Reserved): 17.12 GB
2026-04-20 15:13:42,864 - INFO - [LiveCC] 運行中佔用 VRAM: 15.65 GB | 保留(Reserved): 17.12 GB
2026-04-20 15:13:44,787 - INFO - [LiveCC] 運行中佔用 VRAM: 15.73 GB | 保留(Reserved): 17.12 GB
2026-04-20 15:13:46,775 - INFO - [LiveCC] 運行中佔用 VRAM: 15.81 GB | 保留(Reserved): 17.12 GB
2026-04-20 15:13:48,869 - INFO - [LiveCC] 運行中佔用 VRAM: 15.90 GB | 保留(Reserved): 17.12 GB
2026-04-20 15:13:50,934 - INFO - [LiveCC] 運行中佔用 VRAM: 15.98 GB | 保留(Reserved): 17.12 GB
2026-04-20 15:13:52,721 - INFO - [LiveCC] 運行中佔用 VRAM: 15.57 GB | 保留(Reserved): 17.12 GB
2026-04-20 15:13:54,616 - INFO - [LiveCC] 運行中佔用 VRAM: 15.65 GB | 保留(Reserved): 17.12 GB
2026-04-20 15:13:56,941 - INFO - [LiveCC] 運行中佔用 VRAM: 15.73 GB | 保留(Reserved): 17.12 GB
2026-04-20 15:13:58,787 - INFO - [LiveCC] 運行中佔用 VRAM: 15.81 GB | 保留(Reserved): 17.12 GB
2026-04-20 15:14:00,740 - INFO - [LiveCC] 運行中佔用 VRAM: 15.89 GB | 保留(Reserved): 17.12 GB
2026-04-20 15:14:02,825 - INFO - [LiveCC] 運行中佔用 VRAM: 15.97 GB | 保留(Reserved): 17.12 GB
2026-04-20 15:14:04,860 - INFO - [LiveCC] 運行中佔用 VRAM: 15.57 GB | 保留(Reserved): 17.12 GB
2026-04-20 15:14:06,912 - INFO - [LiveCC] 運行中佔用 VRAM: 15.65 GB | 保留(Reserved): 17.12 GB
2026-04-20 15:14:08,765 - INFO - [LiveCC] 運行中佔用 VRAM: 15.73 GB | 保留(Reserved): 17.12 GB
2026-04-20 15:14:10,660 - INFO - [LiveCC] 運行中佔用 VRAM: 15.81 GB | 保留(Reserved): 17.12 GB
2026-04-20 15:14:12,868 - INFO - [LiveCC] 運行中佔用 VRAM: 15.90 GB | 保留(Reserved): 17.12 GB
2026-04-20 15:14:14,989 - INFO - [LiveCC] 運行中佔用 VRAM: 15.98 GB | 保留(Reserved): 17.12 GB
2026-04-20 15:14:17,149 - INFO - [LiveCC] 運行中佔用 VRAM: 15.58 GB | 保留(Reserved): 17.12 GB
2026-04-20 15:14:18,744 - INFO - [LiveCC] 運行中佔用 VRAM: 15.65 GB | 保留(Reserved): 17.12 GB
2026-04-20 15:14:20,734 - INFO - [LiveCC] 運行中佔用 VRAM: 15.74 GB | 保留(Reserved): 17.12 GB
2026-04-20 15:14:22,697 - INFO - [LiveCC] 運行中佔用 VRAM: 15.82 GB | 保留(Reserved): 17.12 GB
2026-04-20 15:14:24,586 - INFO - [LiveCC] 運行中佔用 VRAM: 15.90 GB | 保留(Reserved): 17.12 GB
2026-04-20 15:14:27,007 - INFO - [LiveCC] 運行中佔用 VRAM: 15.57 GB | 保留(Reserved): 17.12 GB
2026-04-20 15:14:29,117 - INFO - [LiveCC] 運行中佔用 VRAM: 15.65 GB | 保留(Reserved): 17.12 GB
2026-04-20 15:14:31,002 - INFO - [LiveCC] 運行中佔用 VRAM: 15.73 GB | 保留(Reserved): 17.12 GB
2026-04-20 15:14:33,094 - INFO - [LiveCC] 運行中佔用 VRAM: 15.81 GB | 保留(Reserved): 17.12 GB
2026-04-20 15:14:35,007 - INFO - [LiveCC] 運行中佔用 VRAM: 15.89 GB | 保留(Reserved): 17.12 GB
2026-04-20 15:14:36,969 - INFO - [LiveCC] 運行中佔用 VRAM: 15.97 GB | 保留(Reserved): 17.12 GB
2026-04-20 15:14:39,123 - INFO - [LiveCC] 運行中佔用 VRAM: 15.57 GB | 保留(Reserved): 17.12 GB
2026-04-20 15:14:41,215 - INFO - [LiveCC] 運行中佔用 VRAM: 15.65 GB | 保留(Reserved): 17.12 GB
2026-04-20 15:14:42,954 - INFO - [LiveCC] 運行中佔用 VRAM: 15.73 GB | 保留(Reserved): 17.12 GB
2026-04-20 15:14:45,040 - INFO - [LiveCC] 運行中佔用 VRAM: 15.81 GB | 保留(Reserved): 17.12 GB
2026-04-20 15:14:47,130 - INFO - [LiveCC] 運行中佔用 VRAM: 15.90 GB | 保留(Reserved): 17.12 GB
2026-04-20 15:14:49,126 - INFO - [LiveCC] 運行中佔用 VRAM: 15.98 GB | 保留(Reserved): 17.12 GB
2026-04-20 15:14:51,399 - INFO - [LiveCC] 運行中佔用 VRAM: 15.57 GB | 保留(Reserved): 17.12 GB
2026-04-20 15:14:53,079 - INFO - [LiveCC] 運行中佔用 VRAM: 15.65 GB | 保留(Reserved): 17.12 GB
2026-04-20 15:14:55,271 - INFO - [LiveCC] 運行中佔用 VRAM: 15.74 GB | 保留(Reserved): 17.12 GB
2026-04-20 15:14:57,205 - INFO - [LiveCC] 運行中佔用 VRAM: 15.82 GB | 保留(Reserved): 17.12 GB
2026-04-20 15:14:58,939 - INFO - [LiveCC] 運行中佔用 VRAM: 15.90 GB | 保留(Reserved): 17.12 GB
2026-04-20 15:15:01,377 - INFO - [LiveCC] 運行中佔用 VRAM: 15.98 GB | 保留(Reserved): 17.12 GB
2026-04-20 15:15:03,258 - INFO - [LiveCC] 運行中佔用 VRAM: 15.57 GB | 保留(Reserved): 17.12 GB
2026-04-20 15:15:05,012 - INFO - [LiveCC] 運行中佔用 VRAM: 15.65 GB | 保留(Reserved): 17.12 GB
2026-04-20 15:15:06,934 - INFO - [LiveCC] 運行中佔用 VRAM: 15.74 GB | 保留(Reserved): 17.12 GB
2026-04-20 15:15:09,155 - INFO - [LiveCC] 運行中佔用 VRAM: 15.82 GB | 保留(Reserved): 17.12 GB
2026-04-20 15:15:10,878 - INFO - [LiveCC] 運行中佔用 VRAM: 15.90 GB | 保留(Reserved): 17.12 GB
2026-04-20 15:15:13,085 - INFO - [LiveCC] 運行中佔用 VRAM: 15.98 GB | 保留(Reserved): 17.12 GB
2026-04-20 15:15:15,225 - INFO - [LiveCC] 運行中佔用 VRAM: 15.57 GB | 保留(Reserved): 17.12 GB
2026-04-20 15:15:16,910 - INFO - [LiveCC] 運行中佔用 VRAM: 15.65 GB | 保留(Reserved): 17.12 GB
2026-04-20 15:15:19,160 - INFO - [LiveCC] 運行中佔用 VRAM: 15.73 GB | 保留(Reserved): 17.12 GB
2026-04-20 15:15:20,899 - INFO - [LiveCC] 運行中佔用 VRAM: 15.81 GB | 保留(Reserved): 17.12 GB
2026-04-20 15:15:23,013 - INFO - [LiveCC] 運行中佔用 VRAM: 15.89 GB | 保留(Reserved): 17.12 GB
2026-04-20 15:15:24,928 - INFO - [LiveCC] 運行中佔用 VRAM: 15.97 GB | 保留(Reserved): 17.12 GB
2026-04-20 15:15:27,294 - INFO - [LiveCC] 運行中佔用 VRAM: 15.57 GB | 保留(Reserved): 17.12 GB
2026-04-20 15:15:29,107 - INFO - [LiveCC] 運行中佔用 VRAM: 15.65 GB | 保留(Reserved): 17.12 GB
2026-04-20 15:15:31,115 - INFO - [LiveCC] 運行中佔用 VRAM: 15.73 GB | 保留(Reserved): 17.12 GB
2026-04-20 15:15:33,188 - INFO - [LiveCC] 運行中佔用 VRAM: 15.81 GB | 保留(Reserved): 17.12 GB
2026-04-20 15:15:35,089 - INFO - [LiveCC] 運行中佔用 VRAM: 15.89 GB | 保留(Reserved): 17.12 GB
2026-04-20 15:15:37,237 - INFO - [LiveCC] 運行中佔用 VRAM: 15.98 GB | 保留(Reserved): 17.12 GB
2026-04-20 15:15:39,422 - INFO - [LiveCC] 運行中佔用 VRAM: 15.57 GB | 保留(Reserved): 17.12 GB
2026-04-20 15:15:40,967 - INFO - [LiveCC] 運行中佔用 VRAM: 15.66 GB | 保留(Reserved): 17.12 GB
2026-04-20 15:15:42,973 - INFO - [LiveCC] 運行中佔用 VRAM: 15.74 GB | 保留(Reserved): 17.12 GB
2026-04-20 15:15:44,818 - INFO - [LiveCC] 運行中佔用 VRAM: 15.82 GB | 保留(Reserved): 17.12 GB
2026-04-20 15:15:46,941 - INFO - [LiveCC] 運行中佔用 VRAM: 15.90 GB | 保留(Reserved): 17.12 GB
2026-04-20 15:15:49,164 - INFO - [LiveCC] 運行中佔用 VRAM: 15.57 GB | 保留(Reserved): 17.12 GB
2026-04-20 15:15:51,477 - INFO - [LiveCC] 運行中佔用 VRAM: 15.65 GB | 保留(Reserved): 17.12 GB
2026-04-20 15:15:53,306 - INFO - [LiveCC] 運行中佔用 VRAM: 15.73 GB | 保留(Reserved): 17.12 GB
2026-04-20 15:15:55,233 - INFO - [LiveCC] 運行中佔用 VRAM: 15.81 GB | 保留(Reserved): 17.12 GB
2026-04-20 15:15:57,081 - INFO - [LiveCC] 運行中佔用 VRAM: 15.89 GB | 保留(Reserved): 17.12 GB
2026-04-20 15:15:59,564 - INFO - [LiveCC] 運行中佔用 VRAM: 15.57 GB | 保留(Reserved): 17.12 GB
2026-04-20 15:16:01,639 - INFO - [LiveCC] 運行中佔用 VRAM: 15.65 GB | 保留(Reserved): 17.12 GB
2026-04-20 15:16:03,569 - INFO - [LiveCC] 運行中佔用 VRAM: 15.74 GB | 保留(Reserved): 17.12 GB
2026-04-20 15:16:05,409 - INFO - [LiveCC] 運行中佔用 VRAM: 15.82 GB | 保留(Reserved): 17.12 GB
2026-04-20 15:16:07,229 - INFO - [LiveCC] 運行中佔用 VRAM: 15.90 GB | 保留(Reserved): 17.12 GB
2026-04-20 15:16:09,246 - INFO - [LiveCC] 運行中佔用 VRAM: 15.98 GB | 保留(Reserved): 17.12 GB
2026-04-20 15:16:11,395 - INFO - [LiveCC] 運行中佔用 VRAM: 15.58 GB | 保留(Reserved): 17.12 GB
2026-04-20 15:16:13,076 - INFO - [LiveCC] 運行中佔用 VRAM: 15.65 GB | 保留(Reserved): 17.12 GB
2026-04-20 15:16:15,385 - INFO - [LiveCC] 運行中佔用 VRAM: 15.74 GB | 保留(Reserved): 17.12 GB
